/home/liumouyun/extended_storage/liumouyun/Datas/f1-5-201: 201 episodes
/home/liumouyun/extended_storage/liumouyun/Datas/f1-6-201: 201 episodes
[001/402] f1-5-201/episode_000000: FRAGMENT_ONLY drops=143 severe=1
[002/402] f1-5-201/episode_000001: FRAGMENT_ONLY drops=118 severe=1
[003/402] f1-5-201/episode_000002: FRAGMENT_ONLY drops=103 severe=4
[004/402] f1-5-201/episode_000003: FRAGMENT_ONLY drops=115 severe=3
[005/402] f1-5-201/episode_000004: READY drops=147 severe=0
[006/402] f1-5-201/episode_000005: FRAGMENT_ONLY drops=124 severe=4
[007/402] f1-5-201/episode_000006: READY drops=128 severe=0
[008/402] f1-5-201/episode_000007: FRAGMENT_ONLY drops=123 severe=1
[009/402] f1-5-201/episode_000008: READY drops=188 severe=0
[010/402] f1-5-201/episode_000009: FRAGMENT_ONLY drops=113 severe=1
[011/402] f1-5-201/episode_000010: FRAGMENT_ONLY drops=151 severe=2
[012/402] f1-5-201/episode_000011: FRAGMENT_ONLY drops=169 severe=2
[013/402] f1-5-201/episode_000012: READY drops=123 severe=0
[014/402] f1-5-201/episode_000013: FRAGMENT_ONLY drops=140 severe=1
[015/402] f1-5-201/episode_000014: FRAGMENT_ONLY drops=196 severe=3
[016/402] f1-5-201/episode_000015: FRAGMENT_ONLY drops=122 severe=2
[017/402] f1-5-201/episode_000016: READY drops=175 severe=0
[018/402] f1-5-201/episode_000017: FRAGMENT_ONLY drops=249 severe=5
[019/402] f1-5-201/episode_000018: FRAGMENT_ONLY drops=201 severe=1
[020/402] f1-5-201/episode_000019: READY drops=176 severe=0
[021/402] f1-5-201/episode_000020: READY drops=201 severe=0
[022/402] f1-5-201/episode_000021: FRAGMENT_ONLY drops=244 severe=3
[023/402] f1-5-201/episode_000022: FRAGMENT_ONLY drops=226 severe=1
[024/402] f1-5-201/episode_000023: FRAGMENT_ONLY drops=196 severe=1
[025/402] f1-5-201/episode_000024: FRAGMENT_ONLY drops=217 severe=3
[026/402] f1-5-201/episode_000025: FRAGMENT_ONLY drops=223 severe=4
[027/402] f1-5-201/episode_000026: FRAGMENT_ONLY drops=252 severe=1
[028/402] f1-5-201/episode_000027: FRAGMENT_ONLY drops=245 severe=3
[029/402] f1-5-201/episode_000028: FRAGMENT_ONLY drops=177 severe=2
[030/402] f1-5-201/episode_000029: FRAGMENT_ONLY drops=211 severe=2
[031/402] f1-5-201/episode_000030: FRAGMENT_ONLY drops=168 severe=2
[032/402] f1-5-201/episode_000031: FRAGMENT_ONLY drops=206 severe=2
[033/402] f1-5-201/episode_000032: READY drops=251 severe=0
[034/402] f1-5-201/episode_000033: READY drops=168 severe=0
[035/402] f1-5-201/episode_000034: FRAGMENT_ONLY drops=186 severe=2
[036/402] f1-5-201/episode_000035: FRAGMENT_ONLY drops=218 severe=3
[037/402] f1-5-201/episode_000036: FRAGMENT_ONLY drops=232 severe=3
[038/402] f1-5-201/episode_000037: FRAGMENT_ONLY drops=155 severe=2
[039/402] f1-5-201/episode_000038: FRAGMENT_ONLY drops=208 severe=1
[040/402] f1-5-201/episode_000039: FRAGMENT_ONLY drops=223 severe=3
[041/402] f1-5-201/episode_000040: READY drops=202 severe=0
[042/402] f1-5-201/episode_000041: FRAGMENT_ONLY drops=161 severe=4
[043/402] f1-5-201/episode_000042: FRAGMENT_ONLY drops=177 severe=1
[044/402] f1-5-201/episode_000043: FRAGMENT_ONLY drops=255 severe=1
[045/402] f1-5-201/episode_000044: READY drops=164 severe=0
[046/402] f1-5-201/episode_000045: READY drops=185 severe=0
[047/402] f1-5-201/episode_000046: FRAGMENT_ONLY drops=171 severe=1
[048/402] f1-5-201/episode_000047: FRAGMENT_ONLY drops=228 severe=2
[049/402] f1-5-201/episode_000048: FRAGMENT_ONLY drops=258 severe=2
[050/402] f1-5-201/episode_000049: FRAGMENT_ONLY drops=209 severe=3
[051/402] f1-5-201/episode_000050: FRAGMENT_ONLY drops=192 severe=4
[052/402] f1-5-201/episode_000051: FRAGMENT_ONLY drops=211 severe=3
[053/402] f1-5-201/episode_000052: FRAGMENT_ONLY drops=198 severe=2
[054/402] f1-5-201/episode_000053: FRAGMENT_ONLY drops=132 severe=2
[055/402] f1-5-201/episode_000054: FRAGMENT_ONLY drops=165 severe=2
[056/402] f1-5-201/episode_000055: FRAGMENT_ONLY drops=183 severe=3
[057/402] f1-5-201/episode_000056: FRAGMENT_ONLY drops=175 severe=3
[058/402] f1-5-201/episode_000057: FRAGMENT_ONLY drops=197 severe=2
[059/402] f1-5-201/episode_000058: FRAGMENT_ONLY drops=234 severe=1
[060/402] f1-5-201/episode_000059: FRAGMENT_ONLY drops=149 severe=2
[061/402] f1-5-201/episode_000060: FRAGMENT_ONLY drops=177 severe=3
[062/402] f1-5-201/episode_000061: FRAGMENT_ONLY drops=163 severe=2
[063/402] f1-5-201/episode_000062: FRAGMENT_ONLY drops=203 severe=2
[064/402] f1-5-201/episode_000063: FRAGMENT_ONLY drops=160 severe=3
[065/402] f1-5-201/episode_000064: FRAGMENT_ONLY drops=189 severe=1
[066/402] f1-5-201/episode_000065: FRAGMENT_ONLY drops=196 severe=2
[067/402] f1-5-201/episode_000066: FRAGMENT_ONLY drops=176 severe=3
[068/402] f1-5-201/episode_000067: FRAGMENT_ONLY drops=158 severe=3
[069/402] f1-5-201/episode_000068: READY drops=234 severe=0
[070/402] f1-5-201/episode_000069: FRAGMENT_ONLY drops=199 severe=1
[071/402] f1-5-201/episode_000070: FRAGMENT_ONLY drops=173 severe=4
[072/402] f1-5-201/episode_000071: FRAGMENT_ONLY drops=189 severe=2
[073/402] f1-5-201/episode_000072: FRAGMENT_ONLY drops=115 severe=1
[074/402] f1-5-201/episode_000073: FRAGMENT_ONLY drops=200 severe=1
[075/402] f1-5-201/episode_000074: FRAGMENT_ONLY drops=238 severe=3
[076/402] f1-5-201/episode_000075: FRAGMENT_ONLY drops=242 severe=4
[077/402] f1-5-201/episode_000076: FRAGMENT_ONLY drops=158 severe=1
[078/402] f1-5-201/episode_000077: FRAGMENT_ONLY drops=188 severe=3
[079/402] f1-5-201/episode_000078: FRAGMENT_ONLY drops=176 severe=2
[080/402] f1-5-201/episode_000079: FRAGMENT_ONLY drops=192 severe=1
[081/402] f1-5-201/episode_000080: FRAGMENT_ONLY drops=134 severe=2
[082/402] f1-5-201/episode_000081: FRAGMENT_ONLY drops=169 severe=1
[083/402] f1-5-201/episode_000082: FRAGMENT_ONLY drops=185 severe=1
[084/402] f1-5-201/episode_000083: FRAGMENT_ONLY drops=172 severe=3
[085/402] f1-5-201/episode_000084: FRAGMENT_ONLY drops=173 severe=5
[086/402] f1-5-201/episode_000085: FRAGMENT_ONLY drops=166 severe=1
[087/402] f1-5-201/episode_000086: READY drops=153 severe=0
[088/402] f1-5-201/episode_000087: READY drops=204 severe=0
[089/402] f1-5-201/episode_000088: FRAGMENT_ONLY drops=262 severe=2
[090/402] f1-5-201/episode_000089: FRAGMENT_ONLY drops=182 severe=4
[091/402] f1-5-201/episode_000090: FRAGMENT_ONLY drops=156 severe=2
[092/402] f1-5-201/episode_000091: FRAGMENT_ONLY drops=193 severe=2
[093/402] f1-5-201/episode_000092: FRAGMENT_ONLY drops=149 severe=1
[094/402] f1-5-201/episode_000093: FRAGMENT_ONLY drops=204 severe=2
[095/402] f1-5-201/episode_000094: FRAGMENT_ONLY drops=176 severe=2
[096/402] f1-5-201/episode_000095: READY drops=179 severe=0
[097/402] f1-5-201/episode_000096: FRAGMENT_ONLY drops=163 severe=2
[098/402] f1-5-201/episode_000097: FRAGMENT_ONLY drops=145 severe=2
[099/402] f1-5-201/episode_000098: FRAGMENT_ONLY drops=209 severe=2
[100/402] f1-5-201/episode_000099: FRAGMENT_ONLY drops=171 severe=1
[101/402] f1-5-201/episode_000100: FRAGMENT_ONLY drops=150 severe=3
[102/402] f1-5-201/episode_000101: FRAGMENT_ONLY drops=200 severe=5
[103/402] f1-5-201/episode_000102: FRAGMENT_ONLY drops=261 severe=1
[104/402] f1-5-201/episode_000103: FRAGMENT_ONLY drops=145 severe=1
[105/402] f1-5-201/episode_000104: FRAGMENT_ONLY drops=197 severe=1
[106/402] f1-5-201/episode_000105: FRAGMENT_ONLY drops=190 severe=4
[107/402] f1-5-201/episode_000106: READY drops=212 severe=0
[108/402] f1-5-201/episode_000107: READY drops=195 severe=0
[109/402] f1-5-201/episode_000108: FRAGMENT_ONLY drops=205 severe=1
[110/402] f1-5-201/episode_000109: FRAGMENT_ONLY drops=172 severe=1
[111/402] f1-5-201/episode_000110: FRAGMENT_ONLY drops=179 severe=1
[112/402] f1-5-201/episode_000111: FRAGMENT_ONLY drops=146 severe=1
[113/402] f1-5-201/episode_000112: READY drops=150 severe=0
[114/402] f1-5-201/episode_000113: FRAGMENT_ONLY drops=148 severe=1
[115/402] f1-5-201/episode_000114: FRAGMENT_ONLY drops=204 severe=2
[116/402] f1-5-201/episode_000115: FRAGMENT_ONLY drops=123 severe=2
[117/402] f1-5-201/episode_000116: FRAGMENT_ONLY drops=122 severe=4
[118/402] f1-5-201/episode_000117: FRAGMENT_ONLY drops=178 severe=4
[119/402] f1-5-201/episode_000118: FRAGMENT_ONLY drops=139 severe=2
[120/402] f1-5-201/episode_000119: FRAGMENT_ONLY drops=126 severe=2
[121/402] f1-5-201/episode_000120: FRAGMENT_ONLY drops=125 severe=1
[122/402] f1-5-201/episode_000121: FRAGMENT_ONLY drops=168 severe=1
[123/402] f1-5-201/episode_000122: READY drops=180 severe=0
[124/402] f1-5-201/episode_000123: FRAGMENT_ONLY drops=210 severe=1
[125/402] f1-5-201/episode_000124: FRAGMENT_ONLY drops=113 severe=1
[126/402] f1-5-201/episode_000125: FRAGMENT_ONLY drops=136 severe=1
[127/402] f1-5-201/episode_000126: FRAGMENT_ONLY drops=230 severe=6
[128/402] f1-5-201/episode_000127: READY drops=175 severe=0
[129/402] f1-5-201/episode_000128: FRAGMENT_ONLY drops=190 severe=2
[130/402] f1-5-201/episode_000129: FRAGMENT_ONLY drops=156 severe=3
[131/402] f1-5-201/episode_000130: REJECT drops=0 severe=0
[132/402] f1-5-201/episode_000131: REJECT drops=0 severe=0
[133/402] f1-5-201/episode_000132: FRAGMENT_ONLY drops=145 severe=1
[134/402] f1-5-201/episode_000133: FRAGMENT_ONLY drops=149 severe=1
[135/402] f1-5-201/episode_000134: FRAGMENT_ONLY drops=180 severe=2
[136/402] f1-5-201/episode_000135: FRAGMENT_ONLY drops=130 severe=2
[137/402] f1-5-201/episode_000136: FRAGMENT_ONLY drops=149 severe=2
[138/402] f1-5-201/episode_000137: FRAGMENT_ONLY drops=150 severe=2
[139/402] f1-5-201/episode_000138: FRAGMENT_ONLY drops=146 severe=2
[140/402] f1-5-201/episode_000139: FRAGMENT_ONLY drops=176 severe=3
[141/402] f1-5-201/episode_000140: FRAGMENT_ONLY drops=164 severe=2
[142/402] f1-5-201/episode_000141: FRAGMENT_ONLY drops=161 severe=3
[143/402] f1-5-201/episode_000142: FRAGMENT_ONLY drops=181 severe=2
[144/402] f1-5-201/episode_000143: FRAGMENT_ONLY drops=196 severe=6
[145/402] f1-5-201/episode_000144: READY drops=166 severe=0
[146/402] f1-5-201/episode_000145: FRAGMENT_ONLY drops=138 severe=4
[147/402] f1-5-201/episode_000146: READY drops=218 severe=0
[148/402] f1-5-201/episode_000147: READY drops=175 severe=0
[149/402] f1-5-201/episode_000148: FRAGMENT_ONLY drops=181 severe=1
[150/402] f1-5-201/episode_000149: FRAGMENT_ONLY drops=171 severe=2
[151/402] f1-5-201/episode_000150: FRAGMENT_ONLY drops=196 severe=2
[152/402] f1-5-201/episode_000151: FRAGMENT_ONLY drops=126 severe=1
[153/402] f1-5-201/episode_000152: FRAGMENT_ONLY drops=134 severe=2
[154/402] f1-5-201/episode_000153: READY drops=165 severe=0
[155/402] f1-5-201/episode_000154: FRAGMENT_ONLY drops=157 severe=1
[156/402] f1-5-201/episode_000155: FRAGMENT_ONLY drops=173 severe=2
[157/402] f1-5-201/episode_000156: FRAGMENT_ONLY drops=140 severe=3
[158/402] f1-5-201/episode_000157: FRAGMENT_ONLY drops=98 severe=1
[159/402] f1-5-201/episode_000158: FRAGMENT_ONLY drops=208 severe=2
[160/402] f1-5-201/episode_000159: READY drops=205 severe=0
[161/402] f1-5-201/episode_000160: FRAGMENT_ONLY drops=206 severe=1
[162/402] f1-5-201/episode_000161: FRAGMENT_ONLY drops=135 severe=3
[163/402] f1-5-201/episode_000162: FRAGMENT_ONLY drops=142 severe=3
[164/402] f1-5-201/episode_000163: FRAGMENT_ONLY drops=129 severe=2
[165/402] f1-5-201/episode_000164: FRAGMENT_ONLY drops=225 severe=1
[166/402] f1-5-201/episode_000165: FRAGMENT_ONLY drops=119 severe=1
[167/402] f1-5-201/episode_000166: FRAGMENT_ONLY drops=167 severe=1
[168/402] f1-5-201/episode_000167: FRAGMENT_ONLY drops=145 severe=2
[169/402] f1-5-201/episode_000168: FRAGMENT_ONLY drops=124 severe=1
[170/402] f1-5-201/episode_000169: FRAGMENT_ONLY drops=110 severe=1
[171/402] f1-5-201/episode_000170: FRAGMENT_ONLY drops=143 severe=2
[172/402] f1-5-201/episode_000171: FRAGMENT_ONLY drops=154 severe=2
[173/402] f1-5-201/episode_000172: READY drops=115 severe=0
[174/402] f1-5-201/episode_000173: FRAGMENT_ONLY drops=141 severe=1
[175/402] f1-5-201/episode_000174: FRAGMENT_ONLY drops=185 severe=1
[176/402] f1-5-201/episode_000175: FRAGMENT_ONLY drops=164 severe=3
[177/402] f1-5-201/episode_000176: FRAGMENT_ONLY drops=217 severe=3
[178/402] f1-5-201/episode_000177: READY drops=156 severe=0
[179/402] f1-5-201/episode_000178: READY drops=152 severe=0
[180/402] f1-5-201/episode_000179: FRAGMENT_ONLY drops=150 severe=1
[181/402] f1-5-201/episode_000180: FRAGMENT_ONLY drops=157 severe=1
[182/402] f1-5-201/episode_000181: FRAGMENT_ONLY drops=183 severe=1
[183/402] f1-5-201/episode_000182: FRAGMENT_ONLY drops=133 severe=1
[184/402] f1-5-201/episode_000183: READY drops=125 severe=0
[185/402] f1-5-201/episode_000184: FRAGMENT_ONLY drops=188 severe=4
[186/402] f1-5-201/episode_000185: READY drops=138 severe=0
[187/402] f1-5-201/episode_000186: FRAGMENT_ONLY drops=161 severe=2
[188/402] f1-5-201/episode_000187: FRAGMENT_ONLY drops=124 severe=3
[189/402] f1-5-201/episode_000188: FRAGMENT_ONLY drops=143 severe=3
[190/402] f1-5-201/episode_000189: FRAGMENT_ONLY drops=180 severe=1
[191/402] f1-5-201/episode_000190: READY drops=177 severe=0
[192/402] f1-5-201/episode_000191: FRAGMENT_ONLY drops=106 severe=2
[193/402] f1-5-201/episode_000192: READY drops=120 severe=0
[194/402] f1-5-201/episode_000193: FRAGMENT_ONLY drops=201 severe=1
[195/402] f1-5-201/episode_000194: FRAGMENT_ONLY drops=154 severe=2
[196/402] f1-5-201/episode_000195: FRAGMENT_ONLY drops=126 severe=1
[197/402] f1-5-201/episode_000196: FRAGMENT_ONLY drops=172 severe=2
[198/402] f1-5-201/episode_000197: FRAGMENT_ONLY drops=144 severe=2
[199/402] f1-5-201/episode_000198: FRAGMENT_ONLY drops=156 severe=1
[200/402] f1-5-201/episode_000199: FRAGMENT_ONLY drops=130 severe=4
[201/402] f1-5-201/episode_000200: FRAGMENT_ONLY drops=151 severe=1
[202/402] f1-6-201/episode_000000: FRAGMENT_ONLY drops=144 severe=2
[203/402] f1-6-201/episode_000001: FRAGMENT_ONLY drops=134 severe=1
[204/402] f1-6-201/episode_000002: READY drops=117 severe=0
[205/402] f1-6-201/episode_000003: FRAGMENT_ONLY drops=133 severe=1
[206/402] f1-6-201/episode_000004: FRAGMENT_ONLY drops=150 severe=2
[207/402] f1-6-201/episode_000005: FRAGMENT_ONLY drops=153 severe=1
[208/402] f1-6-201/episode_000006: FRAGMENT_ONLY drops=157 severe=3
[209/402] f1-6-201/episode_000007: FRAGMENT_ONLY drops=126 severe=2
[210/402] f1-6-201/episode_000008: FRAGMENT_ONLY drops=127 severe=1
[211/402] f1-6-201/episode_000009: FRAGMENT_ONLY drops=104 severe=5
[212/402] f1-6-201/episode_000010: FRAGMENT_ONLY drops=117 severe=2
[213/402] f1-6-201/episode_000011: READY drops=123 severe=0
[214/402] f1-6-201/episode_000012: FRAGMENT_ONLY drops=162 severe=4
[215/402] f1-6-201/episode_000013: FRAGMENT_ONLY drops=139 severe=1
[216/402] f1-6-201/episode_000014: READY drops=88 severe=0
[217/402] f1-6-201/episode_000015: FRAGMENT_ONLY drops=154 severe=3
[218/402] f1-6-201/episode_000016: FRAGMENT_ONLY drops=155 severe=1
[219/402] f1-6-201/episode_000017: READY drops=117 severe=0
[220/402] f1-6-201/episode_000018: FRAGMENT_ONLY drops=158 severe=1
[221/402] f1-6-201/episode_000019: FRAGMENT_ONLY drops=105 severe=2
[222/402] f1-6-201/episode_000020: FRAGMENT_ONLY drops=107 severe=5
[223/402] f1-6-201/episode_000021: FRAGMENT_ONLY drops=128 severe=2
[224/402] f1-6-201/episode_000022: READY drops=94 severe=0
[225/402] f1-6-201/episode_000023: FRAGMENT_ONLY drops=152 severe=4
[226/402] f1-6-201/episode_000024: FRAGMENT_ONLY drops=129 severe=1
[227/402] f1-6-201/episode_000025: FRAGMENT_ONLY drops=148 severe=3
[228/402] f1-6-201/episode_000026: FRAGMENT_ONLY drops=145 severe=3
[229/402] f1-6-201/episode_000027: FRAGMENT_ONLY drops=148 severe=1
[230/402] f1-6-201/episode_000028: FRAGMENT_ONLY drops=143 severe=4
[231/402] f1-6-201/episode_000029: FRAGMENT_ONLY drops=117 severe=3
[232/402] f1-6-201/episode_000030: READY drops=170 severe=0
[233/402] f1-6-201/episode_000031: FRAGMENT_ONLY drops=146 severe=1
[234/402] f1-6-201/episode_000032: READY drops=178 severe=0
[235/402] f1-6-201/episode_000033: FRAGMENT_ONLY drops=137 severe=2
[236/402] f1-6-201/episode_000034: READY drops=106 severe=0
[237/402] f1-6-201/episode_000035: FRAGMENT_ONLY drops=110 severe=1
[238/402] f1-6-201/episode_000036: FRAGMENT_ONLY drops=164 severe=3
[239/402] f1-6-201/episode_000037: FRAGMENT_ONLY drops=149 severe=1
[240/402] f1-6-201/episode_000038: READY drops=148 severe=0
[241/402] f1-6-201/episode_000039: READY drops=138 severe=0
[242/402] f1-6-201/episode_000040: FRAGMENT_ONLY drops=113 severe=1
[243/402] f1-6-201/episode_000041: FRAGMENT_ONLY drops=165 severe=3
[244/402] f1-6-201/episode_000042: FRAGMENT_ONLY drops=124 severe=3
[245/402] f1-6-201/episode_000043: FRAGMENT_ONLY drops=307 severe=3
[246/402] f1-6-201/episode_000044: FRAGMENT_ONLY drops=125 severe=4
[247/402] f1-6-201/episode_000045: READY drops=103 severe=0
[248/402] f1-6-201/episode_000046: FRAGMENT_ONLY drops=126 severe=1
[249/402] f1-6-201/episode_000047: FRAGMENT_ONLY drops=147 severe=4
[250/402] f1-6-201/episode_000048: FRAGMENT_ONLY drops=159 severe=3
[251/402] f1-6-201/episode_000049: FRAGMENT_ONLY drops=105 severe=1
[252/402] f1-6-201/episode_000050: FRAGMENT_ONLY drops=144 severe=4
[253/402] f1-6-201/episode_000051: READY drops=157 severe=0
[254/402] f1-6-201/episode_000052: FRAGMENT_ONLY drops=118 severe=3
[255/402] f1-6-201/episode_000053: FRAGMENT_ONLY drops=144 severe=3
[256/402] f1-6-201/episode_000054: FRAGMENT_ONLY drops=103 severe=3
[257/402] f1-6-201/episode_000055: FRAGMENT_ONLY drops=142 severe=2
[258/402] f1-6-201/episode_000056: FRAGMENT_ONLY drops=164 severe=3
[259/402] f1-6-201/episode_000057: FRAGMENT_ONLY drops=142 severe=5
[260/402] f1-6-201/episode_000058: FRAGMENT_ONLY drops=177 severe=1
[261/402] f1-6-201/episode_000059: FRAGMENT_ONLY drops=107 severe=3
[262/402] f1-6-201/episode_000060: READY drops=156 severe=0
[263/402] f1-6-201/episode_000061: READY drops=147 severe=0
[264/402] f1-6-201/episode_000062: FRAGMENT_ONLY drops=133 severe=2
[265/402] f1-6-201/episode_000063: FRAGMENT_ONLY drops=187 severe=2
[266/402] f1-6-201/episode_000064: FRAGMENT_ONLY drops=206 severe=2
[267/402] f1-6-201/episode_000065: FRAGMENT_ONLY drops=159 severe=1
[268/402] f1-6-201/episode_000066: FRAGMENT_ONLY drops=168 severe=1
[269/402] f1-6-201/episode_000067: FRAGMENT_ONLY drops=111 severe=3
[270/402] f1-6-201/episode_000068: FRAGMENT_ONLY drops=174 severe=2
[271/402] f1-6-201/episode_000069: READY drops=120 severe=0
[272/402] f1-6-201/episode_000070: READY drops=167 severe=0
[273/402] f1-6-201/episode_000071: FRAGMENT_ONLY drops=141 severe=3
[274/402] f1-6-201/episode_000072: FRAGMENT_ONLY drops=173 severe=2
[275/402] f1-6-201/episode_000073: FRAGMENT_ONLY drops=180 severe=1
[276/402] f1-6-201/episode_000074: FRAGMENT_ONLY drops=128 severe=2
[277/402] f1-6-201/episode_000075: FRAGMENT_ONLY drops=161 severe=2
[278/402] f1-6-201/episode_000076: FRAGMENT_ONLY drops=198 severe=1
[279/402] f1-6-201/episode_000077: READY drops=162 severe=0
[280/402] f1-6-201/episode_000078: FRAGMENT_ONLY drops=143 severe=3
[281/402] f1-6-201/episode_000079: READY drops=132 severe=0
[282/402] f1-6-201/episode_000080: FRAGMENT_ONLY drops=187 severe=2
[283/402] f1-6-201/episode_000081: FRAGMENT_ONLY drops=133 severe=1
[284/402] f1-6-201/episode_000082: FRAGMENT_ONLY drops=184 severe=4
[285/402] f1-6-201/episode_000083: READY drops=146 severe=0
[286/402] f1-6-201/episode_000084: FRAGMENT_ONLY drops=136 severe=1
[287/402] f1-6-201/episode_000085: FRAGMENT_ONLY drops=148 severe=1
[288/402] f1-6-201/episode_000086: FRAGMENT_ONLY drops=190 severe=1
[289/402] f1-6-201/episode_000087: FRAGMENT_ONLY drops=185 severe=2
[290/402] f1-6-201/episode_000088: READY drops=120 severe=0
[291/402] f1-6-201/episode_000089: FRAGMENT_ONLY drops=158 severe=3
[292/402] f1-6-201/episode_000090: FRAGMENT_ONLY drops=196 severe=1
[293/402] f1-6-201/episode_000091: FRAGMENT_ONLY drops=224 severe=2
[294/402] f1-6-201/episode_000092: READY drops=201 severe=0
[295/402] f1-6-201/episode_000093: FRAGMENT_ONLY drops=192 severe=1
[296/402] f1-6-201/episode_000094: FRAGMENT_ONLY drops=189 severe=1
[297/402] f1-6-201/episode_000095: FRAGMENT_ONLY drops=149 severe=3
[298/402] f1-6-201/episode_000096: FRAGMENT_ONLY drops=138 severe=2
[299/402] f1-6-201/episode_000097: FRAGMENT_ONLY drops=173 severe=1
[300/402] f1-6-201/episode_000098: FRAGMENT_ONLY drops=96 severe=1
[301/402] f1-6-201/episode_000099: READY drops=137 severe=0
[302/402] f1-6-201/episode_000100: READY drops=139 severe=0
[303/402] f1-6-201/episode_000101: READY drops=124 severe=0
[304/402] f1-6-201/episode_000102: FRAGMENT_ONLY drops=174 severe=1
[305/402] f1-6-201/episode_000103: READY drops=185 severe=0
[306/402] f1-6-201/episode_000104: FRAGMENT_ONLY drops=172 severe=1
[307/402] f1-6-201/episode_000105: FRAGMENT_ONLY drops=185 severe=3
[308/402] f1-6-201/episode_000106: READY drops=142 severe=0
[309/402] f1-6-201/episode_000107: READY drops=89 severe=0
[310/402] f1-6-201/episode_000108: FRAGMENT_ONLY drops=139 severe=1
[311/402] f1-6-201/episode_000109: FRAGMENT_ONLY drops=180 severe=1
[312/402] f1-6-201/episode_000110: FRAGMENT_ONLY drops=128 severe=1
[313/402] f1-6-201/episode_000111: FRAGMENT_ONLY drops=158 severe=1
[314/402] f1-6-201/episode_000112: READY drops=177 severe=0
[315/402] f1-6-201/episode_000113: FRAGMENT_ONLY drops=235 severe=1
[316/402] f1-6-201/episode_000114: FRAGMENT_ONLY drops=197 severe=1
[317/402] f1-6-201/episode_000115: FRAGMENT_ONLY drops=200 severe=3
[318/402] f1-6-201/episode_000116: READY drops=213 severe=0
[319/402] f1-6-201/episode_000117: FRAGMENT_ONLY drops=251 severe=1
[320/402] f1-6-201/episode_000118: FRAGMENT_ONLY drops=122 severe=1
[321/402] f1-6-201/episode_000119: FRAGMENT_ONLY drops=91 severe=1
[322/402] f1-6-201/episode_000120: FRAGMENT_ONLY drops=201 severe=6
[323/402] f1-6-201/episode_000121: FRAGMENT_ONLY drops=144 severe=1
[324/402] f1-6-201/episode_000122: FRAGMENT_ONLY drops=172 severe=1
[325/402] f1-6-201/episode_000123: FRAGMENT_ONLY drops=198 severe=4
[326/402] f1-6-201/episode_000124: FRAGMENT_ONLY drops=198 severe=1
[327/402] f1-6-201/episode_000125: READY drops=200 severe=0
[328/402] f1-6-201/episode_000126: FRAGMENT_ONLY drops=153 severe=1
[329/402] f1-6-201/episode_000127: FRAGMENT_ONLY drops=184 severe=4
[330/402] f1-6-201/episode_000128: READY drops=157 severe=0
[331/402] f1-6-201/episode_000129: READY drops=164 severe=0
[332/402] f1-6-201/episode_000130: READY drops=140 severe=0
[333/402] f1-6-201/episode_000131: FRAGMENT_ONLY drops=159 severe=5
[334/402] f1-6-201/episode_000132: FRAGMENT_ONLY drops=154 severe=4
[335/402] f1-6-201/episode_000133: READY drops=195 severe=0
[336/402] f1-6-201/episode_000134: FRAGMENT_ONLY drops=139 severe=3
[337/402] f1-6-201/episode_000135: FRAGMENT_ONLY drops=154 severe=2
[338/402] f1-6-201/episode_000136: READY drops=146 severe=0
[339/402] f1-6-201/episode_000137: FRAGMENT_ONLY drops=116 severe=1
[340/402] f1-6-201/episode_000138: FRAGMENT_ONLY drops=168 severe=2
[341/402] f1-6-201/episode_000139: FRAGMENT_ONLY drops=117 severe=2
[342/402] f1-6-201/episode_000140: READY drops=217 severe=0
[343/402] f1-6-201/episode_000141: FRAGMENT_ONLY drops=152 severe=1
[344/402] f1-6-201/episode_000142: FRAGMENT_ONLY drops=195 severe=1
[345/402] f1-6-201/episode_000143: FRAGMENT_ONLY drops=138 severe=2
[346/402] f1-6-201/episode_000144: FRAGMENT_ONLY drops=166 severe=1
[347/402] f1-6-201/episode_000145: FRAGMENT_ONLY drops=163 severe=2
[348/402] f1-6-201/episode_000146: FRAGMENT_ONLY drops=139 severe=2
[349/402] f1-6-201/episode_000147: FRAGMENT_ONLY drops=183 severe=1
[350/402] f1-6-201/episode_000148: FRAGMENT_ONLY drops=163 severe=1
[351/402] f1-6-201/episode_000149: READY drops=142 severe=0
[352/402] f1-6-201/episode_000150: FRAGMENT_ONLY drops=130 severe=1
[353/402] f1-6-201/episode_000151: READY drops=161 severe=0
[354/402] f1-6-201/episode_000152: READY drops=195 severe=0
[355/402] f1-6-201/episode_000153: FRAGMENT_ONLY drops=151 severe=2
[356/402] f1-6-201/episode_000154: FRAGMENT_ONLY drops=174 severe=3
[357/402] f1-6-201/episode_000155: FRAGMENT_ONLY drops=132 severe=1
[358/402] f1-6-201/episode_000156: READY drops=157 severe=0
[359/402] f1-6-201/episode_000157: FRAGMENT_ONLY drops=176 severe=1
[360/402] f1-6-201/episode_000158: FRAGMENT_ONLY drops=123 severe=2
[361/402] f1-6-201/episode_000159: FRAGMENT_ONLY drops=156 severe=2
[362/402] f1-6-201/episode_000160: FRAGMENT_ONLY drops=186 severe=4
[363/402] f1-6-201/episode_000161: FRAGMENT_ONLY drops=168 severe=4
[364/402] f1-6-201/episode_000162: FRAGMENT_ONLY drops=141 severe=2
[365/402] f1-6-201/episode_000163: FRAGMENT_ONLY drops=105 severe=1
[366/402] f1-6-201/episode_000164: FRAGMENT_ONLY drops=173 severe=1
[367/402] f1-6-201/episode_000165: FRAGMENT_ONLY drops=176 severe=2
[368/402] f1-6-201/episode_000166: READY drops=144 severe=0
[369/402] f1-6-201/episode_000167: READY drops=144 severe=0
[370/402] f1-6-201/episode_000168: READY drops=140 severe=0
[371/402] f1-6-201/episode_000169: READY drops=199 severe=0
[372/402] f1-6-201/episode_000170: FRAGMENT_ONLY drops=165 severe=2
[373/402] f1-6-201/episode_000171: FRAGMENT_ONLY drops=167 severe=2
[374/402] f1-6-201/episode_000172: FRAGMENT_ONLY drops=238 severe=1
[375/402] f1-6-201/episode_000173: FRAGMENT_ONLY drops=182 severe=4
[376/402] f1-6-201/episode_000174: FRAGMENT_ONLY drops=108 severe=1
[377/402] f1-6-201/episode_000175: FRAGMENT_ONLY drops=171 severe=3
[378/402] f1-6-201/episode_000176: FRAGMENT_ONLY drops=190 severe=4
[379/402] f1-6-201/episode_000177: FRAGMENT_ONLY drops=146 severe=1
[380/402] f1-6-201/episode_000178: READY drops=155 severe=0
[381/402] f1-6-201/episode_000179: FRAGMENT_ONLY drops=182 severe=2
[382/402] f1-6-201/episode_000180: FRAGMENT_ONLY drops=160 severe=2
[383/402] f1-6-201/episode_000181: FRAGMENT_ONLY drops=170 severe=1
[384/402] f1-6-201/episode_000182: READY drops=100 severe=0
[385/402] f1-6-201/episode_000183: READY drops=167 severe=0
[386/402] f1-6-201/episode_000184: FRAGMENT_ONLY drops=161 severe=4
[387/402] f1-6-201/episode_000185: FRAGMENT_ONLY drops=157 severe=1
[388/402] f1-6-201/episode_000186: FRAGMENT_ONLY drops=154 severe=1
[389/402] f1-6-201/episode_000187: READY drops=172 severe=0
[390/402] f1-6-201/episode_000188: READY drops=146 severe=0
[391/402] f1-6-201/episode_000189: READY drops=131 severe=0
[392/402] f1-6-201/episode_000190: FRAGMENT_ONLY drops=136 severe=2
[393/402] f1-6-201/episode_000191: READY drops=158 severe=0
[394/402] f1-6-201/episode_000192: FRAGMENT_ONLY drops=159 severe=1
[395/402] f1-6-201/episode_000193: FRAGMENT_ONLY drops=158 severe=3
[396/402] f1-6-201/episode_000194: FRAGMENT_ONLY drops=146 severe=2
[397/402] f1-6-201/episode_000195: FRAGMENT_ONLY drops=129 severe=1
[398/402] f1-6-201/episode_000196: FRAGMENT_ONLY drops=171 severe=2
[399/402] f1-6-201/episode_000197: FRAGMENT_ONLY drops=122 severe=2
[400/402] f1-6-201/episode_000198: READY drops=119 severe=0
[401/402] f1-6-201/episode_000199: FRAGMENT_ONLY drops=108 severe=2
[402/402] f1-6-201/episode_000200: READY drops=94 severe=0
Reports: /home/liumouyun/extended_storage/liumouyun/Datas/f1_5_6_mcap_audit
